#!python
cubit.cmd('reset')
cubit.cmd('reset')
cubit.cmd('create vertex -475.0 -1745.0')
cubit.cmd('create vertex -475.0 -1595.0')
cubit.cmd('create vertex -62.5 -1117.5')
cubit.cmd('create vertex 660.0 -1595.0')
cubit.cmd('create vertex 660.0 -1745.0')
cubit.cmd('create surface vertex 1 2 3 4 5 ')
cubit.cmd('create vertex -2775.0 -1715.0')
cubit.cmd('create vertex -2775.0 -192.5')
cubit.cmd('create vertex -2640.0 -192.5')
cubit.cmd('create vertex -2640.0 -102.5')
cubit.cmd('create vertex -565.0 -102.5')
cubit.cmd('create vertex -565.0 -1102.5')
cubit.cmd('create vertex -1150.0 -1580.0')
cubit.cmd('create vertex -1315.0 -1580.0')
cubit.cmd('create vertex -1315.0 -1715.0')
cubit.cmd('create surface vertex 6 7 8 9 10 11 12 13 14 ')
cubit.cmd('create vertex -1135.0 -1745.0')
cubit.cmd('create vertex -1135.0 -1595.0')
cubit.cmd('create vertex -560.0 -1112.5')
cubit.cmd('create vertex -560.0 -102.5')
cubit.cmd('create vertex -440.0 -102.5')
cubit.cmd('create vertex -440.0 -1102.5')
cubit.cmd('create vertex -985.0 -1585.0')
cubit.cmd('create vertex -985.0 -1745.0')
cubit.cmd('create surface vertex 15 16 17 18 19 20 21 22 ')
cubit.cmd('create vertex -970.0 -1745.0')
cubit.cmd('create vertex -970.0 -1595.0')
cubit.cmd('create vertex -435.0 -1112.5')
cubit.cmd('create vertex -435.0 -102.5')
cubit.cmd('create vertex -315.0 -102.5')
cubit.cmd('create vertex -315.0 -1102.5')
cubit.cmd('create vertex -820.0 -1585.0')
cubit.cmd('create vertex -820.0 -1745.0')
cubit.cmd('create surface vertex 23 24 25 26 27 28 29 30 ')
cubit.cmd('create vertex -805.0 -1745.0')
cubit.cmd('create vertex -805.0 -1595.0')
cubit.cmd('create vertex -310.0 -1112.5')
cubit.cmd('create vertex -310.0 -102.5')
cubit.cmd('create vertex -190.0 -102.5')
cubit.cmd('create vertex -190.0 -1102.5')
cubit.cmd('create vertex -655.0 -1585.0')
cubit.cmd('create vertex -655.0 -1745.0')
cubit.cmd('create surface vertex 31 32 33 34 35 36 37 38 ')
cubit.cmd('create vertex -640.0 -1745.0')
cubit.cmd('create vertex -640.0 -1595.0')
cubit.cmd('create vertex -185.0 -1112.5')
cubit.cmd('create vertex -185.0 -102.5')
cubit.cmd('create vertex -65.0 -102.5')
cubit.cmd('create vertex -65.0 -1102.5')
cubit.cmd('create vertex -490.0 -1585.0')
cubit.cmd('create vertex -490.0 -1745.0')
cubit.cmd('create surface vertex 39 40 41 42 43 44 45 46 ')
cubit.cmd('create vertex 675.0 -1745.0')
cubit.cmd('create vertex 675.0 -1585.0')
cubit.cmd('create vertex -60.0 -1102.5')
cubit.cmd('create vertex -60.0 -102.5')
cubit.cmd('create vertex 60.0 -102.5')
cubit.cmd('create vertex 60.0 -1112.5')
cubit.cmd('create vertex 825.0 -1595.0')
cubit.cmd('create vertex 825.0 -1745.0')
cubit.cmd('create surface vertex 47 48 49 50 51 52 53 54 ')
cubit.cmd('create vertex 840.0 -1745.0')
cubit.cmd('create vertex 840.0 -1585.0')
cubit.cmd('create vertex 65.0 -1102.5')
cubit.cmd('create vertex 65.0 -102.5')
cubit.cmd('create vertex 185.0 -102.5')
cubit.cmd('create vertex 185.0 -1112.5')
cubit.cmd('create vertex 990.0 -1595.0')
cubit.cmd('create vertex 990.0 -1745.0')
cubit.cmd('create surface vertex 55 56 57 58 59 60 61 62 ')
cubit.cmd('create vertex 1005.0 -1745.0')
cubit.cmd('create vertex 1005.0 -1585.0')
cubit.cmd('create vertex 190.0 -1102.5')
cubit.cmd('create vertex 190.0 -102.5')
cubit.cmd('create vertex 310.0 -102.5')
cubit.cmd('create vertex 310.0 -1112.5')
cubit.cmd('create vertex 1155.0 -1595.0')
cubit.cmd('create vertex 1155.0 -1745.0')
cubit.cmd('create surface vertex 63 64 65 66 67 68 69 70 ')
cubit.cmd('create vertex 1170.0 -1745.0')
cubit.cmd('create vertex 1170.0 -1585.0')
cubit.cmd('create vertex 315.0 -1102.5')
cubit.cmd('create vertex 315.0 -102.5')
cubit.cmd('create vertex 435.0 -102.5')
cubit.cmd('create vertex 435.0 -1112.5')
cubit.cmd('create vertex 1320.0 -1595.0')
cubit.cmd('create vertex 1320.0 -1745.0')
cubit.cmd('create surface vertex 71 72 73 74 75 76 77 78 ')
cubit.cmd('create vertex 1335.0 -1745.0')
cubit.cmd('create vertex 1335.0 -1585.0')
cubit.cmd('create vertex 440.0 -1102.5')
cubit.cmd('create vertex 440.0 -102.5')
cubit.cmd('create vertex 560.0 -102.5')
cubit.cmd('create vertex 560.0 -1112.5')
cubit.cmd('create vertex 1485.0 -1595.0')
cubit.cmd('create vertex 1485.0 -1745.0')
cubit.cmd('create surface vertex 79 80 81 82 83 84 85 86 ')
cubit.cmd('create vertex -2805.0 -1745.0')
cubit.cmd('create vertex -2805.0 -2.5')
cubit.cmd('create vertex 2640.0 -2.5')
cubit.cmd('create vertex 2640.0 -22.5')
cubit.cmd('create vertex -2655.0 -22.5')
cubit.cmd('create vertex -2655.0 -177.5')
cubit.cmd('create vertex -2790.0 -177.5')
cubit.cmd('create vertex -2790.0 -1730.0')
cubit.cmd('create vertex -1300.0 -1730.0')
cubit.cmd('create vertex -1300.0 -1595.0')
cubit.cmd('create vertex -1150.0 -1595.0')
cubit.cmd('create vertex -1150.0 -1745.0')
cubit.cmd('create surface vertex 87 88 89 90 91 92 93 94 95 96 97 98 ')
cubit.cmd('create vertex 2655.0 -177.5')
cubit.cmd('create vertex 2655.0 -97.5')
cubit.cmd('create vertex -2640.0 -97.5')
cubit.cmd('create vertex -2640.0 -27.5')
cubit.cmd('create vertex 2655.0 -27.5')
cubit.cmd('create vertex 2655.0 27.5')
cubit.cmd('create vertex -2640.0 27.5')
cubit.cmd('create vertex -2640.0 97.5')
cubit.cmd('create vertex 2655.0 97.5')
cubit.cmd('create vertex 2655.0 177.5')
cubit.cmd('create vertex 2805.0 177.5')
cubit.cmd('create vertex 2805.0 -177.5')
cubit.cmd('create surface vertex 99 100 101 102 103 104 105 106 107 108 109 110 ')
cubit.cmd('create vertex -2640.0 102.5')
cubit.cmd('create vertex -2640.0 192.5')
cubit.cmd('create vertex -2775.0 192.5')
cubit.cmd('create vertex -2775.0 1715.0')
cubit.cmd('create vertex -1315.0 1715.0')
cubit.cmd('create vertex -1315.0 1580.0')
cubit.cmd('create vertex -1150.0 1580.0')
cubit.cmd('create vertex -565.0 1102.5')
cubit.cmd('create vertex -565.0 102.5')
cubit.cmd('create surface vertex 111 112 113 114 115 116 117 118 119 ')
cubit.cmd('create vertex -2805.0 2.5')
cubit.cmd('create vertex -2805.0 1745.0')
cubit.cmd('create vertex -1150.0 1745.0')
cubit.cmd('create vertex -1150.0 1595.0')
cubit.cmd('create vertex -1300.0 1595.0')
cubit.cmd('create vertex -1300.0 1730.0')
cubit.cmd('create vertex -2790.0 1730.0')
cubit.cmd('create vertex -2790.0 177.5')
cubit.cmd('create vertex -2655.0 177.5')
cubit.cmd('create vertex -2655.0 22.5')
cubit.cmd('create vertex 2640.0 22.5')
cubit.cmd('create vertex 2640.0 2.5')
cubit.cmd('create surface vertex 120 121 122 123 124 125 126 127 128 129 130 131 ')
cubit.cmd('create vertex -560.0 102.5')
cubit.cmd('create vertex -560.0 1112.5')
cubit.cmd('create vertex -1135.0 1595.0')
cubit.cmd('create vertex -1135.0 1745.0')
cubit.cmd('create vertex -985.0 1745.0')
cubit.cmd('create vertex -985.0 1585.0')
cubit.cmd('create vertex -440.0 1102.5')
cubit.cmd('create vertex -440.0 102.5')
cubit.cmd('create surface vertex 132 133 134 135 136 137 138 139 ')
cubit.cmd('create vertex -435.0 102.5')
cubit.cmd('create vertex -435.0 1112.5')
cubit.cmd('create vertex -970.0 1595.0')
cubit.cmd('create vertex -970.0 1745.0')
cubit.cmd('create vertex -820.0 1745.0')
cubit.cmd('create vertex -820.0 1585.0')
cubit.cmd('create vertex -315.0 1102.5')
cubit.cmd('create vertex -315.0 102.5')
cubit.cmd('create surface vertex 140 141 142 143 144 145 146 147 ')
cubit.cmd('create vertex -310.0 102.5')
cubit.cmd('create vertex -310.0 1112.5')
cubit.cmd('create vertex -805.0 1595.0')
cubit.cmd('create vertex -805.0 1745.0')
cubit.cmd('create vertex -655.0 1745.0')
cubit.cmd('create vertex -655.0 1585.0')
cubit.cmd('create vertex -190.0 1102.5')
cubit.cmd('create vertex -190.0 102.5')
cubit.cmd('create surface vertex 148 149 150 151 152 153 154 155 ')
cubit.cmd('create vertex -185.0 102.5')
cubit.cmd('create vertex -185.0 1112.5')
cubit.cmd('create vertex -640.0 1595.0')
cubit.cmd('create vertex -640.0 1745.0')
cubit.cmd('create vertex -490.0 1745.0')
cubit.cmd('create vertex -490.0 1585.0')
cubit.cmd('create vertex -65.0 1102.5')
cubit.cmd('create vertex -65.0 102.5')
cubit.cmd('create surface vertex 156 157 158 159 160 161 162 163 ')
cubit.cmd('create vertex -62.5 1117.5')
cubit.cmd('create vertex -475.0 1595.0')
cubit.cmd('create vertex -475.0 1745.0')
cubit.cmd('create vertex 660.0 1745.0')
cubit.cmd('create vertex 660.0 1595.0')
cubit.cmd('create surface vertex 164 165 166 167 168 ')
cubit.cmd('create vertex -60.0 102.5')
cubit.cmd('create vertex -60.0 1102.5')
cubit.cmd('create vertex 675.0 1585.0')
cubit.cmd('create vertex 675.0 1745.0')
cubit.cmd('create vertex 825.0 1745.0')
cubit.cmd('create vertex 825.0 1595.0')
cubit.cmd('create vertex 60.0 1112.5')
cubit.cmd('create vertex 60.0 102.5')
cubit.cmd('create surface vertex 169 170 171 172 173 174 175 176 ')
cubit.cmd('create vertex 65.0 102.5')
cubit.cmd('create vertex 65.0 1102.5')
cubit.cmd('create vertex 840.0 1585.0')
cubit.cmd('create vertex 840.0 1745.0')
cubit.cmd('create vertex 990.0 1745.0')
cubit.cmd('create vertex 990.0 1595.0')
cubit.cmd('create vertex 185.0 1112.5')
cubit.cmd('create vertex 185.0 102.5')
cubit.cmd('create surface vertex 177 178 179 180 181 182 183 184 ')
cubit.cmd('create vertex 190.0 102.5')
cubit.cmd('create vertex 190.0 1102.5')
cubit.cmd('create vertex 1005.0 1585.0')
cubit.cmd('create vertex 1005.0 1745.0')
cubit.cmd('create vertex 1155.0 1745.0')
cubit.cmd('create vertex 1155.0 1595.0')
cubit.cmd('create vertex 310.0 1112.5')
cubit.cmd('create vertex 310.0 102.5')
cubit.cmd('create surface vertex 185 186 187 188 189 190 191 192 ')
cubit.cmd('create vertex 315.0 102.5')
cubit.cmd('create vertex 315.0 1102.5')
cubit.cmd('create vertex 1170.0 1585.0')
cubit.cmd('create vertex 1170.0 1745.0')
cubit.cmd('create vertex 1320.0 1745.0')
cubit.cmd('create vertex 1320.0 1595.0')
cubit.cmd('create vertex 435.0 1112.5')
cubit.cmd('create vertex 435.0 102.5')
cubit.cmd('create surface vertex 193 194 195 196 197 198 199 200 ')
cubit.cmd('create vertex 440.0 102.5')
cubit.cmd('create vertex 440.0 1102.5')
cubit.cmd('create vertex 1335.0 1585.0')
cubit.cmd('create vertex 1335.0 1745.0')
cubit.cmd('create vertex 1485.0 1745.0')
cubit.cmd('create vertex 1485.0 1595.0')
cubit.cmd('create vertex 560.0 1112.5')
cubit.cmd('create vertex 560.0 102.5')
cubit.cmd('create surface vertex 201 202 203 204 205 206 207 208 ')
cubit.cmd('create vertex 1500.0 -1745.0')
cubit.cmd('create vertex 1500.0 -1580.0')
cubit.cmd('create vertex 565.0 -1102.5')
cubit.cmd('create vertex 565.0 -102.5')
cubit.cmd('create vertex 2640.0 -102.5')
cubit.cmd('create vertex 2640.0 -192.5')
cubit.cmd('create vertex 2820.0 -192.5')
cubit.cmd('create vertex 2820.0 192.5')
cubit.cmd('create vertex 2640.0 192.5')
cubit.cmd('create vertex 2640.0 102.5')
cubit.cmd('create vertex 565.0 102.5')
cubit.cmd('create vertex 565.0 1102.5')
cubit.cmd('create vertex 1500.0 1580.0')
cubit.cmd('create vertex 1500.0 1745.0')
cubit.cmd('create vertex 2970.0 1745.0')
cubit.cmd('create vertex 2970.0 -1745.0')
cubit.cmd('create surface vertex 209 210 211 212 213 214 215 216 217 218 219 220 221 222 223 224 ')
cubit.cmd('create vertex -4980.0 -1745.0')
cubit.cmd('create vertex -4980.0 1745.0')
cubit.cmd('create vertex -2820.0 1745.0')
cubit.cmd('create vertex -2820.0 -1745.0')
cubit.cmd('create surface vertex 225 226 227 228 ')
cubit.cmd('# {gap=20}')
cubit.cmd('curve all scheme equal')
cubit.cmd('curve  all  except  curve  4  size  {gap/2}')
cubit.cmd('curve  4  size  {4*gap}')
cubit.cmd('trimesher  surface  gradation  {1.4}')
cubit.cmd('surface  all  scheme  trimesh')
cubit.cmd('mesh  surface  all')
cubit.cmd('imprint  all')
cubit.cmd('merge  all')
cubit.cmd('block 1 surface 1')
cubit.cmd('block 2 surface 2')
cubit.cmd('block 3 surface 3')
cubit.cmd('block 4 surface 4')
cubit.cmd('block 5 surface 5')
cubit.cmd('block 6 surface 6')
cubit.cmd('block 7 surface 7')
cubit.cmd('block 8 surface 8')
cubit.cmd('block 9 surface 9')
cubit.cmd('block 10 surface 10')
cubit.cmd('block 11 surface 11')
cubit.cmd('block 12 surface 12')
cubit.cmd('block 13 surface 13')
cubit.cmd('block 14 surface 14')
cubit.cmd('block 15 surface 15')
cubit.cmd('block 16 surface 16')
cubit.cmd('block 17 surface 17')
cubit.cmd('block 18 surface 18')
cubit.cmd('block 19 surface 19')
cubit.cmd('block 20 surface 20')
cubit.cmd('block 21 surface 21')
cubit.cmd('block 22 surface 22')
cubit.cmd('block 23 surface 23')
cubit.cmd('block 24 surface 24')
cubit.cmd('block 25 surface 25')
cubit.cmd('block 26 surface 26')
cubit.cmd('block 27 surface 27')
cubit.cmd('compress node')
cubit.cmd('compress tri')
cubit.cmd('export abaqus "run_file/chip_geometry.inp" block all dimension 3 overwrite')
cubit.cmd('locate volume 12')
cubit.cmd('list volume 12 geometry')
cubit.cmd('export abaqus "chip.inp" block all dimension 3 overwrite')
cubit.cmd('save cub5 "/home/zx296/Desktop/trap_sim_nullspace/output/lionix_gate/cubit01.cub5" overwrite journal')
